08:54:20  [main] 	Initialisere Control Panel
08:54:20  [main] 	Windows Version:  Enterprise  64-bit
08:54:20  [main] 	XAMPP Version: 8.2.12
08:54:20  [main] 	Control Panel Version: 3.3.0  [ Compiled: Apr 6th 2021 ]
08:54:20  [main] 	Dein Benutzerprofil besitzt keine Administratorenrechte! Das reicht aus für die meisten
08:54:20  [main] 	Anwendungsfunktionen, aber wann immer du etwas mit Windows-Diensten tun möchtest,
08:54:20  [main] 	wird eine Sicherheitsabfrage erscheinen oder etwas wird garnicht erst funktionieren!
08:54:20  [main] 	Also denke daran diese Anwendung mit Administratorrechten zu starten!
08:54:20  [main] 	XAMPP Installationsverzeichnis: "c:\users\admin\desktop\xampp-portable-windows-x64-8.2.12-0-vs16\xampp\"
08:54:20  [main] 	Voraussetzungen werden geprüft
08:54:22  [main] 	Alle Voraussetzungen sind erfüllt
08:54:22  [main] 	Initialisiere Module
08:54:22  [main] 	Das FileZilla Modul ist deaktiviert
08:54:22  [main] 	Das Mercury Modul ist deaktiviert
08:54:22  [main] 	Starte Check-Timer
08:54:22  [main] 	Control Panel bereit
08:54:25  [Apache] 	Versuche Apache zu starten...
08:54:25  [Apache] 	Statusänderung erkannt: gestartet
08:54:32  [mysql] 	Versuche MySQL zu starten...
08:54:33  [mysql] 	Statusänderung erkannt: gestartet
08:54:39  [Apache] 	stoppe Modul Apache (PID: 14780)
08:54:39  [Apache] 	stoppe Modul Apache (PID: 24372)
08:54:39  [Apache] 	Statusänderung erkannt: gestoppt
08:57:10  [Apache] 	Versuche Apache zu starten...
08:57:10  [Apache] 	Statusänderung erkannt: gestartet
16:03:43  [Apache] 	stoppe Modul Apache (PID: 4624)
16:03:43  [Apache] 	stoppe Modul Apache (PID: 21540)
16:03:43  [Apache] 	Statusänderung erkannt: gestoppt
16:03:44  [mysql] 	Versuche MySQL zu beenden...
16:03:44  [mysql] 	Statusänderung erkannt: gestoppt
16:04:48  [main] 	Deinitialisiere Module
16:04:48  [main] 	Deinitialisiere Control Panel

08:48:03  [main] 	Initialisere Control Panel
08:48:03  [main] 	Windows Version:  Enterprise  64-bit
08:48:03  [main] 	XAMPP Version: 8.2.12
08:48:03  [main] 	Control Panel Version: 3.3.0  [ Compiled: Apr 6th 2021 ]
08:48:03  [main] 	Dein Benutzerprofil besitzt keine Administratorenrechte! Das reicht aus für die meisten
08:48:03  [main] 	Anwendungsfunktionen, aber wann immer du etwas mit Windows-Diensten tun möchtest,
08:48:03  [main] 	wird eine Sicherheitsabfrage erscheinen oder etwas wird garnicht erst funktionieren!
08:48:03  [main] 	Also denke daran diese Anwendung mit Administratorrechten zu starten!
08:48:03  [main] 	XAMPP Installationsverzeichnis: "c:\users\admin\desktop\xampp-portable-windows-x64-8.2.12-0-vs16\xampp\"
08:48:03  [main] 	Voraussetzungen werden geprüft
08:48:05  [main] 	Alle Voraussetzungen sind erfüllt
08:48:05  [main] 	Initialisiere Module
08:48:05  [main] 	Das FileZilla Modul ist deaktiviert
08:48:05  [main] 	Das Mercury Modul ist deaktiviert
08:48:05  [main] 	Starte Check-Timer
08:48:05  [main] 	Control Panel bereit
08:48:09  [Apache] 	Versuche Apache zu starten...
08:48:10  [Apache] 	Statusänderung erkannt: gestartet
08:48:12  [mysql] 	Versuche MySQL zu starten...
08:48:13  [mysql] 	Statusänderung erkannt: gestartet
08:48:14  [Apache] 	stoppe Modul Apache (PID: 28844)
08:48:14  [Apache] 	stoppe Modul Apache (PID: 26436)
08:48:14  [Apache] 	Statusänderung erkannt: gestoppt
15:30:43  [mysql] 	Versuche MySQL zu beenden...
15:30:43  [mysql] 	Statusänderung erkannt: gestoppt
15:31:11  [main] 	Deinitialisiere Module
15:31:11  [main] 	Deinitialisiere Control Panel

08:40:46  [main] 	Initialisere Control Panel
08:40:47  [main] 	Windows Version:  Enterprise  64-bit
08:40:47  [main] 	XAMPP Version: 8.2.12
08:40:47  [main] 	Control Panel Version: 3.3.0  [ Compiled: Apr 6th 2021 ]
08:40:47  [main] 	Dein Benutzerprofil besitzt keine Administratorenrechte! Das reicht aus für die meisten
08:40:47  [main] 	Anwendungsfunktionen, aber wann immer du etwas mit Windows-Diensten tun möchtest,
08:40:47  [main] 	wird eine Sicherheitsabfrage erscheinen oder etwas wird garnicht erst funktionieren!
08:40:47  [main] 	Also denke daran diese Anwendung mit Administratorrechten zu starten!
08:40:47  [main] 	XAMPP Installationsverzeichnis: "c:\users\admin\desktop\xampp-portable-windows-x64-8.2.12-0-vs16\xampp\"
08:40:47  [main] 	Voraussetzungen werden geprüft
08:40:49  [main] 	Alle Voraussetzungen sind erfüllt
08:40:49  [main] 	Initialisiere Module
08:40:49  [main] 	Das FileZilla Modul ist deaktiviert
08:40:49  [main] 	Das Mercury Modul ist deaktiviert
08:40:49  [main] 	Starte Check-Timer
08:40:49  [main] 	Control Panel bereit
08:40:51  [mysql] 	Versuche MySQL zu starten...
08:40:52  [mysql] 	Statusänderung erkannt: gestartet
14:56:26  [mysql] 	Versuche MySQL zu beenden...
14:56:26  [mysql] 	Statusänderung erkannt: gestoppt
14:56:28  [main] 	Deinitialisiere Module
14:56:28  [main] 	Deinitialisiere Control Panel

11:03:51  [main] 	Initialisere Control Panel
11:03:51  [main] 	Windows Version:  Enterprise  64-bit
11:03:51  [main] 	XAMPP Version: 8.2.12
11:03:51  [main] 	Control Panel Version: 3.3.0  [ Compiled: Apr 6th 2021 ]
11:03:51  [main] 	Dein Benutzerprofil besitzt keine Administratorenrechte! Das reicht aus für die meisten
11:03:51  [main] 	Anwendungsfunktionen, aber wann immer du etwas mit Windows-Diensten tun möchtest,
11:03:51  [main] 	wird eine Sicherheitsabfrage erscheinen oder etwas wird garnicht erst funktionieren!
11:03:51  [main] 	Also denke daran diese Anwendung mit Administratorrechten zu starten!
11:03:51  [main] 	XAMPP Installationsverzeichnis: "c:\users\admin\desktop\xampp-portable-windows-x64-8.2.12-0-vs16\xampp\"
11:03:51  [main] 	Voraussetzungen werden geprüft
11:03:52  [main] 	Alle Voraussetzungen sind erfüllt
11:03:52  [main] 	Initialisiere Module
11:03:52  [main] 	Das FileZilla Modul ist deaktiviert
11:03:52  [main] 	Das Mercury Modul ist deaktiviert
11:03:52  [main] 	Starte Check-Timer
11:03:52  [main] 	Control Panel bereit
11:04:01  [mysql] 	Versuche MySQL zu starten...
11:04:02  [mysql] 	Statusänderung erkannt: gestartet
11:09:00  [Apache] 	Versuche Apache zu starten...
11:09:00  [Apache] 	Statusänderung erkannt: gestartet
15:39:09  [Apache] 	stoppe Modul Apache (PID: 4672)
15:39:09  [Apache] 	stoppe Modul Apache (PID: 4712)
15:39:09  [Apache] 	Statusänderung erkannt: gestoppt
15:39:10  [mysql] 	Versuche MySQL zu beenden...
15:39:10  [mysql] 	Statusänderung erkannt: gestoppt
15:39:12  [main] 	Deinitialisiere Module
15:39:12  [main] 	Deinitialisiere Control Panel

11:15:47  [main] 	Initialisere Control Panel
11:15:47  [main] 	Windows Version:  Enterprise  64-bit
11:15:47  [main] 	XAMPP Version: 8.2.12
11:15:47  [main] 	Control Panel Version: 3.3.0  [ Compiled: Apr 6th 2021 ]
11:15:47  [main] 	Dein Benutzerprofil besitzt keine Administratorenrechte! Das reicht aus für die meisten
11:15:47  [main] 	Anwendungsfunktionen, aber wann immer du etwas mit Windows-Diensten tun möchtest,
11:15:47  [main] 	wird eine Sicherheitsabfrage erscheinen oder etwas wird garnicht erst funktionieren!
11:15:47  [main] 	Also denke daran diese Anwendung mit Administratorrechten zu starten!
11:15:47  [main] 	XAMPP Installationsverzeichnis: "c:\users\admin\desktop\xampp-portable-windows-x64-8.2.12-0-vs16\xampp\"
11:15:47  [main] 	Voraussetzungen werden geprüft
11:15:49  [main] 	Alle Voraussetzungen sind erfüllt
11:15:49  [main] 	Initialisiere Module
11:15:49  [main] 	Das FileZilla Modul ist deaktiviert
11:15:49  [main] 	Das Mercury Modul ist deaktiviert
11:15:49  [main] 	Starte Check-Timer
11:15:49  [main] 	Control Panel bereit
11:15:51  [mysql] 	Versuche MySQL zu starten...
11:15:53  [mysql] 	Statusänderung erkannt: gestartet
11:15:54  [mysql] 	Statusänderung erkannt: gestoppt
11:15:54  [mysql] 	Fehler: MySQL wurde unerwartet beendet
11:15:54  [mysql] 	Ursache könnte ein geblockter Port, fehlende Abhängigkeiten,
11:15:54  [mysql] 	fehlende Berechtigungen, ein Absturz oder ein Abbruch einer anderen Methode sein.
11:15:54  [mysql] 	Drücke den Logs Button um error logs zu sehen und prüfe
11:15:54  [mysql] 	im Windows Event Viewer für weitere Hinweise
11:15:54  [mysql] 	Wenn du weitere Hilfe benötigst, kopiere den kompletten Inhalt des Log Fensters
11:15:54  [mysql] 	und füge ihn als Ergänzung in einem neuen Forum Eintrag hinzu.
11:16:00  [mysql] 	Versuche MySQL zu starten...
11:16:00  [mysql] 	Statusänderung erkannt: gestartet
11:18:18  [mysql] 	Versuche MySQL zu beenden...
11:18:18  [mysql] 	Statusänderung erkannt: gestoppt
11:18:41  [main] 	Deinitialisiere Module
11:18:41  [main] 	Deinitialisiere Control Panel

